EXIT CODE:
1

STDOUT:

STDERR:
error parsing the correction sheet:
line 2: corrections are only allowed in sections that don't contain any other sections
-1: MISTAKE!
^

