EXIT CODE:
1

STDOUT:

STDERR:
error parsing the correction sheet:
a top-level section is required in a correction sheet

