EXIT CODE:
1

STDOUT:

STDERR:
error parsing the correction sheet:
line 1: invalid section grade: expected (i.e. specified) 20, actual (i.e. sum of all subsection grades) 5
* Etape 1 [/20]
^

