EXIT CODE:
1

STDOUT:

STDERR:
error parsing the correction sheet:
line 2: invalid section level: expected **, actual ***
*** Subsection [/1]
^

