EXIT CODE:
0

STDOUT:
* Section 1 [1/1]
** Subsection 1 [1/1]
*** Subsubsection 1 [1/1]
** Subsection 2 [0/0]

STDERR:

