EXIT CODE:
0

STDOUT:
* Section [0/1]
-1: MISTAKE!
** Subsection [1/1]

STDERR:

