EXIT CODE:
1

STDOUT:

STDERR:
error parsing the correction sheet:
line 2: headers and corrections are only allowed in sections that don't contain any other sections
Mistake:
^

