EXIT CODE:
0

STDOUT:
* Section [1/1]
** Subsection [1/1]
Mistake:

STDERR:

